--- 
http_interactions: 
- request: 
    method: post
    uri: https://localhost/pulp/api/v2/repositories/
    body: 
      encoding: US-ASCII
      string: "{\"id\":\"1\",\"display_name\":\"Fedora 17 x86_64\",\"importer_type_id\":\"yum_importer\",\"importer_config\":{\"ssl_ca_cert\":null,\"ssl_client_cert\":null,\"ssl_client_key\":null,\"feed\":\"file:///var/www/test_repos/zoo\"},\"notes\":{\"_repo-type\":\"rpm-repo\"},\"distributors\":[{\"distributor_type\":\"yum_distributor\",\"distributor_config\":{\"relative_url\":\"/test_path/\",\"http\":false,\"https\":true,\"protected\":true},\"auto_publish\":true,\"distributor_id\":\"1\"},{\"distributor_type\":\"yum_clone_distributor\",\"distributor_config\":{\"destination_distributor_id\":\"1\"},\"auto_publish\":false,\"distributor_id\":\"1_clone\"},{\"distributor_type\":\"nodes_http_distributor\",\"distributor_config\":{},\"auto_publish\":true,\"distributor_id\":\"1_nodes\"}]}"
    headers: 
      Accept: 
      - application/json
      Accept-Encoding: 
      - gzip, deflate
      Content-Type: 
      - application/json
      Authorization: 
      - OAuth oauth_body_hash="2jmj7l5rSw0yVb%2FvlWAYkK%2FYBwk%3D", oauth_consumer_key="katello", oauth_nonce="5RVmwe459yylxUT7Tc3qPSOdbWfGbK3JFvyLTVBck", oauth_signature="A30%2BQZ89DzlOsTJTPj2EzX6SP%2Bg%3D", oauth_signature_method="HMAC-SHA1", oauth_timestamp="1384979786", oauth_version="1.0"
      Pulp-User: 
      - admin
      Content-Length: 
      - "694"
      User-Agent: 
      - Ruby
  response: 
    status: 
      code: 201
      message: Created
    headers: 
      Date: 
      - Wed, 20 Nov 2013 20:36:26 GMT
      Server: 
      - Apache/2.2.15 (Red Hat)
      Location: 
      - "1"
      Content-Length: 
      - "252"
      Content-Type: 
      - application/json
    body: 
      encoding: US-ASCII
      string: "{\"scratchpad\": {}, \"display_name\": \"Fedora 17 x86_64\", \"description\": null, \"_ns\": \"repos\", \"notes\": {\"_repo-type\": \"rpm-repo\"}, \"content_unit_counts\": {}, \"_id\": {\"$oid\": \"528d1d4a5ca01350314078cd\"}, \"id\": \"1\", \"_href\": \"/pulp/api/v2/repositories/1/\"}"
    http_version: 
  recorded_at: Wed, 20 Nov 2013 20:36:26 GMT
- request: 
    method: get
    uri: https://localhost/pulp/api/v2/repositories/1/importers/yum_importer/schedules/sync/
    body: 
      encoding: US-ASCII
      string: ""
    headers: 
      Accept: 
      - application/json
      Accept-Encoding: 
      - gzip, deflate
      Content-Type: 
      - application/json
      Authorization: 
      - OAuth oauth_consumer_key="katello", oauth_nonce="NVtEmT36m7U9yenRvuBoi3hDPTg6NFzqMXVkaQM5gM", oauth_signature="zv3iY7YlnUOH0CXT%2BYgWdw9WW20%3D", oauth_signature_method="HMAC-SHA1", oauth_timestamp="1384979786", oauth_version="1.0"
      Pulp-User: 
      - admin
      User-Agent: 
      - Ruby
  response: 
    status: 
      code: 200
      message: OK
    headers: 
      Date: 
      - Wed, 20 Nov 2013 20:36:26 GMT
      Server: 
      - Apache/2.2.15 (Red Hat)
      Content-Length: 
      - "2"
      Content-Type: 
      - application/json
    body: 
      encoding: US-ASCII
      string: "[]"
    http_version: 
  recorded_at: Wed, 20 Nov 2013 20:36:26 GMT
- request: 
    method: post
    uri: https://localhost/pulp/api/v2/repositories/1/importers/yum_importer/schedules/sync/
    body: 
      encoding: US-ASCII
      string: "{\"schedule\":\"2013-08-01T00:00:00-04:00/P1D\"}"
    headers: 
      Accept: 
      - application/json
      Accept-Encoding: 
      - gzip, deflate
      Content-Type: 
      - application/json
      Authorization: 
      - OAuth oauth_body_hash="2jmj7l5rSw0yVb%2FvlWAYkK%2FYBwk%3D", oauth_consumer_key="katello", oauth_nonce="JWG9AG4gsCJkOW1cNmwihUVpRmeWU1zmyTOhCcxrks", oauth_signature="jVzEsFmPA0k2ga5jz9%2FOVCiqVD8%3D", oauth_signature_method="HMAC-SHA1", oauth_timestamp="1384979786", oauth_version="1.0"
      Pulp-User: 
      - admin
      Content-Length: 
      - "44"
      User-Agent: 
      - Ruby
  response: 
    status: 
      code: 201
      message: Created
    headers: 
      Date: 
      - Wed, 20 Nov 2013 20:36:26 GMT
      Server: 
      - Apache/2.2.15 (Red Hat)
      Location: 
      - /pulp/api/v2/repositories/1/importers/yum_importer/schedules/sync/528d1d4a5ca01350314078dd/
      Content-Length: 
      - "393"
      Content-Type: 
      - application/json
    body: 
      encoding: US-ASCII
      string: "{\"next_run\": \"2013-11-21T04:00:00Z\", \"_href\": \"/pulp/api/v2/repositories/1/importers/yum_importer/schedules/sync/528d1d4a5ca01350314078dd/\", \"schedule\": \"2013-08-01T00:00:00-04:00/P1D\", \"override_config\": {}, \"remaining_runs\": null, \"first_run\": \"2013-11-21T04:00:00Z\", \"enabled\": true, \"last_run\": null, \"failure_threshold\": null, \"_id\": \"528d1d4a5ca01350314078dd\", \"consecutive_failures\": 0}"
    http_version: 
  recorded_at: Wed, 20 Nov 2013 20:36:26 GMT
- request: 
    method: delete
    uri: https://localhost/pulp/api/v2/content/orphans/
    body: 
      encoding: US-ASCII
      string: ""
    headers: 
      Accept: 
      - application/json
      Accept-Encoding: 
      - gzip, deflate
      Content-Type: 
      - application/json
      Authorization: 
      - OAuth oauth_consumer_key="katello", oauth_nonce="FuXAekJo4ZT3UYeWwK870povDlnJ5G3iRO6LPJKOM0", oauth_signature="vYCHifQAg%2BOw8rdYeWWevguJjcY%3D", oauth_signature_method="HMAC-SHA1", oauth_timestamp="1384979786", oauth_version="1.0"
      Pulp-User: 
      - admin
      User-Agent: 
      - Ruby
  response: 
    status: 
      code: 202
      message: Accepted
    headers: 
      Date: 
      - Wed, 20 Nov 2013 20:36:26 GMT
      Server: 
      - Apache/2.2.15 (Red Hat)
      Content-Encoding: 
      - utf-8
      Content-Length: 
      - "570"
      Content-Type: 
      - application/json
    body: 
      encoding: US-ASCII
      string: "{\"task_group_id\": null, \"exception\": null, \"traceback\": null, \"_href\": \"/pulp/api/v2/tasks/2ccef75e-3461-4b72-9383-348700b6da62/\", \"task_id\": \"2ccef75e-3461-4b72-9383-348700b6da62\", \"call_request_tags\": [\"pulp:content_unit:orphans\"], \"reasons\": [], \"start_time\": null, \"tags\": [\"pulp:content_unit:orphans\"], \"state\": \"waiting\", \"finish_time\": null, \"dependency_failures\": {}, \"schedule_id\": null, \"progress\": {}, \"call_request_group_id\": null, \"call_request_id\": \"2ccef75e-3461-4b72-9383-348700b6da62\", \"principal_login\": \"admin\", \"response\": \"accepted\", \"result\": null}"
    http_version: 
  recorded_at: Wed, 20 Nov 2013 20:36:27 GMT
- request: 
    method: post
    uri: https://localhost/pulp/api/v2/repositories/1/actions/sync/
    body: 
      encoding: US-ASCII
      string: "{\"override_config\":{\"num_threads\":4}}"
    headers: 
      Accept: 
      - application/json
      Accept-Encoding: 
      - gzip, deflate
      Content-Type: 
      - application/json
      Authorization: 
      - OAuth oauth_body_hash="2jmj7l5rSw0yVb%2FvlWAYkK%2FYBwk%3D", oauth_consumer_key="katello", oauth_nonce="yMkL1LLsVdMWnoNqPMImsqzsjBpadVRcWPKg2WkJ0", oauth_signature="BCnrdQV6OJ06oGsJFDfAWIxOupU%3D", oauth_signature_method="HMAC-SHA1", oauth_timestamp="1384979787", oauth_version="1.0"
      Pulp-User: 
      - admin
      Content-Length: 
      - "37"
      User-Agent: 
      - Ruby
  response: 
    status: 
      code: 202
      message: Accepted
    headers: 
      Date: 
      - Wed, 20 Nov 2013 20:36:27 GMT
      Server: 
      - Apache/2.2.15 (Red Hat)
      Content-Encoding: 
      - utf-8
      Content-Length: 
      - "2134"
      Content-Type: 
      - application/json
    body: 
      encoding: US-ASCII
      string: "[{\"task_group_id\": \"a45a3dab-d15f-45d9-8543-3800d8941cf4\", \"exception\": null, \"traceback\": null, \"_href\": \"/pulp/api/v2/task_groups/a45a3dab-d15f-45d9-8543-3800d8941cf4/\", \"task_id\": \"0014aaee-e16e-45fc-b9a8-bd09ca1985f2\", \"call_request_tags\": [\"pulp:repository:1\", \"pulp:action:sync\"], \"reasons\": [], \"start_time\": null, \"tags\": [\"pulp:repository:1\", \"pulp:action:sync\"], \"state\": \"waiting\", \"finish_time\": null, \"dependency_failures\": {}, \"schedule_id\": null, \"progress\": {}, \"call_request_group_id\": \"a45a3dab-d15f-45d9-8543-3800d8941cf4\", \"call_request_id\": \"0014aaee-e16e-45fc-b9a8-bd09ca1985f2\", \"principal_login\": \"admin\", \"response\": \"accepted\", \"result\": null}, {\"task_group_id\": \"a45a3dab-d15f-45d9-8543-3800d8941cf4\", \"exception\": null, \"traceback\": null, \"_href\": \"/pulp/api/v2/task_groups/a45a3dab-d15f-45d9-8543-3800d8941cf4/\", \"task_id\": \"9b50028f-9690-4ef8-93f6-bbfdf8aaf45e\", \"call_request_tags\": [\"pulp:repository:1\", \"pulp:action:auto_publish\", \"pulp:action:publish\"], \"reasons\": [], \"start_time\": null, \"tags\": [\"pulp:repository:1\", \"pulp:action:auto_publish\", \"pulp:action:publish\"], \"state\": \"waiting\", \"finish_time\": null, \"dependency_failures\": {}, \"schedule_id\": null, \"progress\": {}, \"call_request_group_id\": \"a45a3dab-d15f-45d9-8543-3800d8941cf4\", \"call_request_id\": \"9b50028f-9690-4ef8-93f6-bbfdf8aaf45e\", \"principal_login\": \"admin\", \"response\": \"accepted\", \"result\": null}, {\"task_group_id\": \"a45a3dab-d15f-45d9-8543-3800d8941cf4\", \"exception\": null, \"traceback\": null, \"_href\": \"/pulp/api/v2/task_groups/a45a3dab-d15f-45d9-8543-3800d8941cf4/\", \"task_id\": \"b3dfa7e4-3560-48f0-a008-5d4fc5e1201d\", \"call_request_tags\": [\"pulp:repository:1\", \"pulp:action:auto_publish\", \"pulp:action:publish\"], \"reasons\": [], \"start_time\": null, \"tags\": [\"pulp:repository:1\", \"pulp:action:auto_publish\", \"pulp:action:publish\"], \"state\": \"waiting\", \"finish_time\": null, \"dependency_failures\": {}, \"schedule_id\": null, \"progress\": {}, \"call_request_group_id\": \"a45a3dab-d15f-45d9-8543-3800d8941cf4\", \"call_request_id\": \"b3dfa7e4-3560-48f0-a008-5d4fc5e1201d\", \"principal_login\": \"admin\", \"response\": \"accepted\", \"result\": null}]"
    http_version: 
  recorded_at: Wed, 20 Nov 2013 20:36:27 GMT
- request: 
    method: get
    uri: https://localhost/pulp/api/v2/tasks/0014aaee-e16e-45fc-b9a8-bd09ca1985f2/
    body: 
      encoding: US-ASCII
      string: ""
    headers: 
      Accept: 
      - application/json
      Accept-Encoding: 
      - gzip, deflate
      Content-Type: 
      - application/json
      Authorization: 
      - OAuth oauth_consumer_key="katello", oauth_nonce="HjZGhQJxOAvlx9CNIKbtCPlAHFcOzRJQRWp9K9e4yk", oauth_signature="LcpC3akWojnpKQeC6U3p0mlt0%2Fg%3D", oauth_signature_method="HMAC-SHA1", oauth_timestamp="1384979787", oauth_version="1.0"
      Pulp-User: 
      - admin
      User-Agent: 
      - Ruby
  response: 
    status: 
      code: 200
      message: OK
    headers: 
      Date: 
      - Wed, 20 Nov 2013 20:36:27 GMT
      Server: 
      - Apache/2.2.15 (Red Hat)
      Content-Length: 
      - "1106"
      Content-Type: 
      - application/json
    body: 
      encoding: US-ASCII
      string: "{\"task_group_id\": \"a45a3dab-d15f-45d9-8543-3800d8941cf4\", \"exception\": null, \"traceback\": null, \"_href\": \"/pulp/api/v2/tasks/0014aaee-e16e-45fc-b9a8-bd09ca1985f2/\", \"task_id\": \"0014aaee-e16e-45fc-b9a8-bd09ca1985f2\", \"call_request_tags\": [\"pulp:repository:1\", \"pulp:action:sync\"], \"reasons\": [], \"start_time\": \"2013-11-20T20:36:27Z\", \"tags\": [\"pulp:repository:1\", \"pulp:action:sync\"], \"state\": \"running\", \"finish_time\": null, \"dependency_failures\": {}, \"schedule_id\": null, \"progress\": {\"yum_importer\": {\"content\": {\"size_total\": 0, \"items_left\": 0, \"items_total\": 0, \"state\": \"NOT_STARTED\", \"size_left\": 0, \"details\": {\"rpm_total\": 0, \"rpm_done\": 0, \"drpm_total\": 0, \"drpm_done\": 0}, \"error_details\": []}, \"comps\": {\"state\": \"NOT_STARTED\"}, \"distribution\": {\"items_total\": 0, \"state\": \"NOT_STARTED\", \"error_details\": [], \"items_left\": 0}, \"errata\": {\"state\": \"NOT_STARTED\"}, \"metadata\": {\"state\": \"IN_PROGRESS\"}}}, \"call_request_group_id\": \"a45a3dab-d15f-45d9-8543-3800d8941cf4\", \"call_request_id\": \"0014aaee-e16e-45fc-b9a8-bd09ca1985f2\", \"principal_login\": \"admin\", \"response\": \"accepted\", \"result\": null}"
    http_version: 
  recorded_at: Wed, 20 Nov 2013 20:36:27 GMT
- request: 
    method: get
    uri: https://localhost/pulp/api/v2/tasks/0014aaee-e16e-45fc-b9a8-bd09ca1985f2/
    body: 
      encoding: US-ASCII
      string: ""
    headers: 
      Accept: 
      - application/json
      Accept-Encoding: 
      - gzip, deflate
      Content-Type: 
      - application/json
      Authorization: 
      - OAuth oauth_consumer_key="katello", oauth_nonce="EZBOxdGHxPTWmViJkFa9apsZ2Etmk0zwT4vvJoFPUuY", oauth_signature="HseQVwql1yg%2B92fqq8jZeL2E0Q0%3D", oauth_signature_method="HMAC-SHA1", oauth_timestamp="1384979788", oauth_version="1.0"
      Pulp-User: 
      - admin
      User-Agent: 
      - Ruby
  response: 
    status: 
      code: 200
      message: OK
    headers: 
      Date: 
      - Wed, 20 Nov 2013 20:36:28 GMT
      Server: 
      - Apache/2.2.15 (Red Hat)
      Content-Length: 
      - "2076"
      Content-Type: 
      - application/json
    body: 
      encoding: US-ASCII
      string: "{\"task_group_id\": \"a45a3dab-d15f-45d9-8543-3800d8941cf4\", \"exception\": null, \"traceback\": null, \"_href\": \"/pulp/api/v2/tasks/0014aaee-e16e-45fc-b9a8-bd09ca1985f2/\", \"task_id\": \"0014aaee-e16e-45fc-b9a8-bd09ca1985f2\", \"call_request_tags\": [\"pulp:repository:1\", \"pulp:action:sync\"], \"reasons\": [], \"start_time\": \"2013-11-20T20:36:27Z\", \"tags\": [\"pulp:repository:1\", \"pulp:action:sync\"], \"state\": \"finished\", \"finish_time\": \"2013-11-20T20:36:28Z\", \"dependency_failures\": {}, \"schedule_id\": null, \"progress\": {\"yum_importer\": {\"content\": {\"size_total\": 17872, \"items_left\": 0, \"items_total\": 8, \"state\": \"FINISHED\", \"size_left\": 0, \"details\": {\"rpm_total\": 8, \"rpm_done\": 8, \"drpm_total\": 0, \"drpm_done\": 0}, \"error_details\": []}, \"comps\": {\"state\": \"FINISHED\"}, \"distribution\": {\"items_total\": 3, \"state\": \"FINISHED\", \"error_details\": [], \"items_left\": 0}, \"errata\": {\"state\": \"FINISHED\"}, \"metadata\": {\"state\": \"FINISHED\"}}}, \"call_request_group_id\": \"a45a3dab-d15f-45d9-8543-3800d8941cf4\", \"call_request_id\": \"0014aaee-e16e-45fc-b9a8-bd09ca1985f2\", \"principal_login\": \"admin\", \"response\": \"accepted\", \"result\": {\"importer_id\": \"yum_importer\", \"exception\": null, \"repo_id\": \"1\", \"traceback\": null, \"started\": \"2013-11-20T15:36:27-05:00\", \"_ns\": \"repo_sync_results\", \"completed\": \"2013-11-20T15:36:28-05:00\", \"importer_type_id\": \"yum_importer\", \"error_message\": null, \"summary\": {\"content\": {\"state\": \"FINISHED\"}, \"comps\": {\"state\": \"FINISHED\"}, \"distribution\": {\"state\": \"FINISHED\"}, \"errata\": {\"state\": \"FINISHED\"}, \"metadata\": {\"state\": \"FINISHED\"}}, \"added_count\": 1, \"result\": \"success\", \"updated_count\": 13, \"details\": {\"content\": {\"size_total\": 17872, \"items_left\": 0, \"items_total\": 8, \"state\": \"FINISHED\", \"size_left\": 0, \"details\": {\"rpm_total\": 8, \"rpm_done\": 8, \"drpm_total\": 0, \"drpm_done\": 0}, \"error_details\": []}, \"comps\": {\"state\": \"FINISHED\"}, \"distribution\": {\"items_total\": 3, \"state\": \"FINISHED\", \"error_details\": [], \"items_left\": 0}, \"errata\": {\"state\": \"FINISHED\"}, \"metadata\": {\"state\": \"FINISHED\"}}, \"id\": \"528d1d4c5ca0135031407909\", \"removed_count\": 0}}"
    http_version: 
  recorded_at: Wed, 20 Nov 2013 20:36:28 GMT
- request: 
    method: delete
    uri: https://localhost/pulp/api/v2/repositories/1/
    body: 
      encoding: US-ASCII
      string: ""
    headers: 
      Accept: 
      - application/json
      Accept-Encoding: 
      - gzip, deflate
      Content-Type: 
      - application/json
      Authorization: 
      - OAuth oauth_consumer_key="katello", oauth_nonce="M5korEU7X2SLx2k5rkbn4SSAJlr6spimbulwcRgg", oauth_signature="%2FAirQHyULS2cbUkyGaCvve0K%2BGg%3D", oauth_signature_method="HMAC-SHA1", oauth_timestamp="1384979788", oauth_version="1.0"
      Pulp-User: 
      - admin
      User-Agent: 
      - Ruby
  response: 
    status: 
      code: 202
      message: Accepted
    headers: 
      Date: 
      - Wed, 20 Nov 2013 20:36:28 GMT
      Server: 
      - Apache/2.2.15 (Red Hat)
      Content-Encoding: 
      - utf-8
      Content-Length: 
      - "749"
      Content-Type: 
      - application/json
    body: 
      encoding: US-ASCII
      string: "[{\"task_group_id\": \"106ded6f-f5ab-4083-a3f4-0f187285a815\", \"exception\": null, \"traceback\": null, \"_href\": \"/pulp/api/v2/task_groups/106ded6f-f5ab-4083-a3f4-0f187285a815/\", \"task_id\": \"c282ec16-52f3-441c-8882-f0d83c6f4934\", \"call_request_tags\": [\"pulp:repository:1\", \"pulp:action:delete\"], \"reasons\": [{\"operation\": \"update\", \"resource_type\": \"repository\", \"resource_id\": \"1\"}], \"start_time\": null, \"tags\": [\"pulp:repository:1\", \"pulp:action:delete\"], \"state\": \"waiting\", \"finish_time\": null, \"dependency_failures\": {}, \"schedule_id\": null, \"progress\": {}, \"call_request_group_id\": \"106ded6f-f5ab-4083-a3f4-0f187285a815\", \"call_request_id\": \"c282ec16-52f3-441c-8882-f0d83c6f4934\", \"principal_login\": \"admin\", \"response\": \"postponed\", \"result\": null}]"
    http_version: 
  recorded_at: Wed, 20 Nov 2013 20:36:29 GMT
recorded_with: VCR 2.7.0
